// Jest Snapshot v1, https://goo.gl/fbAQLP

exports[`renders homepage unchanged 1`] = `
<div>
  <div
    class="css-lm19hc"
  >
    <header>
      <header
        class="MuiPaper-root MuiPaper-elevation MuiPaper-elevation4 MuiAppBar-root MuiAppBar-colorPrimary MuiAppBar-positionStatic css-1gxz8vn-MuiPaper-root-MuiAppBar-root"
      >
        <div
          class="MuiContainer-root MuiContainer-maxWidthLg MuiContainer-disableGutters css-1py4ru7-MuiContainer-root"
        >
          <div
            class="MuiToolbar-root MuiToolbar-regular css-r6ewbb-MuiToolbar-root"
          >
            <h1
              class="MuiTypography-root MuiTypography-h1 css-10aynlv-MuiTypography-root"
            >
              Potato
              <sup
                style="font-size: .6rem;"
              >
                TM
              </sup>
            </h1>
            <div
              class="MuiBox-root css-84yz3m"
            >
              <a
                class="css-3k3sb4"
                href="#about"
              >
                About
              </a>
              <a
                class="css-3k3sb4"
                href="#feature"
              >
                Feature
              </a>
              <a
                class="css-3k3sb4"
                href="#nutrition"
              >
                Nutrition
              </a>
              <a
                class="css-vugvun"
                href="#buy-it-now"
              >
                Buy It Now
              </a>
            </div>
            <div
              class="MuiBox-root css-zjuml4"
            >
              <button
                aria-label="menu"
                class="MuiButtonBase-root MuiIconButton-root MuiIconButton-colorInherit MuiIconButton-edgeEnd MuiIconButton-sizeMedium css-1ei1svh-MuiButtonBase-root-MuiIconButton-root"
                tabindex="0"
                type="button"
              >
                <svg
                  aria-hidden="true"
                  class="MuiSvgIcon-root MuiSvgIcon-fontSizeMedium css-i4bv87-MuiSvgIcon-root"
                  data-testid="MenuIcon"
                  focusable="false"
                  viewBox="0 0 24 24"
                >
                  <path
                    d="M3 18h18v-2H3zm0-5h18v-2H3zm0-7v2h18V6z"
                  />
                </svg>
                <span
                  class="MuiTouchRipple-root css-8je8zh-MuiTouchRipple-root"
                />
              </button>
            </div>
          </div>
        </div>
      </header>
    </header>
    <main>
      <section
        class="css-eg4353"
      >
        <h2
          class="MuiTypography-root MuiTypography-h2 css-18hu9mz-MuiTypography-root"
        >
          "Sweet, Nutritious and Delicious"
        </h2>
        <h3
          class="MuiTypography-root MuiTypography-h3 css-rfmu20-MuiTypography-root"
        >
          The key to happiness is hidden in the 
          <b>
            Potato
          </b>
          <sup>
            TM
          </sup>
        </h3>
        <img
          alt="Potato"
          class="css-i9y8rr"
          src="/img.jpg"
        />
      </section>
      <div
        class="MuiBox-root css-3jh26m"
        id="about"
      >
        <h2
          class="MuiTypography-root MuiTypography-h2 MuiTypography-gutterBottom css-vta3pc-MuiTypography-root"
        >
          Diferentes shapes and sizes
        </h2>
        <p
          class="MuiTypography-root MuiTypography-h3 MuiTypography-paragraph css-1xpghx3-MuiTypography-root"
        >
          <b>
            Potato
          </b>
          <sup>
            TM
          </sup>
           comes in many different unique shapes and sizes.
        </p>
        <p
          class="MuiTypography-root MuiTypography-h3 MuiTypography-paragraph css-1xpghx3-MuiTypography-root"
        >
          Find the one that fits your personal preferences.
        </p>
        <div
          class="MuiBox-root css-cecl5p"
        >
          <img
            alt=""
            class="css-9ygnsh"
            src="/img.jpg"
          />
          <img
            alt="Image of two potatoes"
            class="css-e3obl3"
            src="/img.jpg"
          />
        </div>
      </div>
    </main>
    <footer>
      <div
        class="MuiBox-root css-f00jr7"
      >
        <div
          class="MuiBox-root css-qabjsf"
        >
          <h5
            class="MuiTypography-root MuiTypography-h5 css-uieoi2-MuiTypography-root"
          >
            Since you came here to read this, have one Potato for free
          </h5>
          <h5
            class="MuiTypography-root MuiTypography-h5 css-uieoi2-MuiTypography-root"
          >
            Copyright © 2015 PotatoTM All rights reserved
          </h5>
        </div>
        <div
          class="MuiBox-root css-wsfch7"
        >
          <a
            class="css-14j1gzm"
            href="#about"
          >
            History
          </a>
          <a
            class="css-14j1gzm"
            href="#"
          >
            About
          </a>
          <a
            class="css-14j1gzm"
            href="#"
          >
            Contact us
          </a>
          <a
            class="css-14j1gzm"
            href="#"
          >
            Free Potato
          </a>
        </div>
      </div>
    </footer>
  </div>
</div>
`;
