// Jest Snapshot v1, https://goo.gl/fbAQLP

exports[`renders homepage unchanged 1`] = `
<div>
  <div
    class="css-lm19hc"
  >
    <header>
      <header
        class="MuiPaper-root MuiPaper-elevation MuiPaper-elevation4 MuiAppBar-root MuiAppBar-colorPrimary MuiAppBar-positionStatic css-1gxz8vn-MuiPaper-root-MuiAppBar-root"
      >
        <div
          class="MuiContainer-root MuiContainer-maxWidthLg css-1oqqzyl-MuiContainer-root"
        >
          <div
            class="MuiToolbar-root MuiToolbar-regular css-r6ewbb-MuiToolbar-root"
          >
            <h1
              class="MuiTypography-root MuiTypography-h1 css-8vyaei-MuiTypography-root"
            >
              Potato
              <sup
                style="font-size: .6rem;"
              >
                TM
              </sup>
            </h1>
            <div
              class="MuiBox-root css-rntpfg"
            >
              <a
                class="css-1wze9pr"
                href="#about"
              >
                About
              </a>
              <a
                class="css-1wze9pr"
                href="#feature"
              >
                Feature
              </a>
              <a
                class="css-1wze9pr"
                href="#nutrition"
              >
                Nutrition
              </a>
              <a
                class="css-1wze9pr"
                href="#buy-it-now"
              >
                Buy It Now
              </a>
            </div>
            <div
              class="MuiBox-root css-zjuml4"
            >
              <button
                aria-label="menu"
                class="MuiButtonBase-root MuiIconButton-root MuiIconButton-colorInherit MuiIconButton-edgeEnd MuiIconButton-sizeMedium css-1ei1svh-MuiButtonBase-root-MuiIconButton-root"
                tabindex="0"
                type="button"
              >
                <svg
                  aria-hidden="true"
                  class="MuiSvgIcon-root MuiSvgIcon-fontSizeMedium css-i4bv87-MuiSvgIcon-root"
                  data-testid="MenuIcon"
                  focusable="false"
                  viewBox="0 0 24 24"
                >
                  <path
                    d="M3 18h18v-2H3zm0-5h18v-2H3zm0-7v2h18V6z"
                  />
                </svg>
                <span
                  class="MuiTouchRipple-root css-8je8zh-MuiTouchRipple-root"
                />
              </button>
            </div>
          </div>
        </div>
      </header>
    </header>
    <main>
      <div
        class="css-eg4353"
      >
        <h2
          class="MuiTypography-root MuiTypography-h2 css-18hu9mz-MuiTypography-root"
        >
          "Sweet, Nutritious and Delicious"
        </h2>
        <h3
          class="MuiTypography-root MuiTypography-h3 css-rfmu20-MuiTypography-root"
        >
          The key to happiness is hidden in the 
          <b>
            Potato
          </b>
          <sup>
            TM
          </sup>
        </h3>
        <img
          alt="Potato"
          class="css-a6rva7"
          src="/img.jpg"
        />
      </div>
    </main>
    <footer>
      <p>
        footer
      </p>
    </footer>
  </div>
</div>
`;
